// Jest Snapshot v1, https://goo.gl/fbAQLP

exports[`Positive Workflow should render App 1`] = `
<div>
  Hello World
</div>
`;
